[Fri Jul  3 19:50:11 2026] ERROR TOKEN: Refresh token vacío para este médico.
[Fri Jul  3 19:50:11 2026] ERROR: No se pudo obtener Access Token para médico 4. Posible Refresh Token expirado.
[Fri Jul  3 21:07:23 2026] ERROR TOKEN: Refresh token vacío para este médico.
[Fri Jul  3 21:07:23 2026] ERROR: No se pudo obtener Access Token para médico 1. Posible Refresh Token expirado.
[Fri Jul  3 21:07:32 2026] ERROR TOKEN: Refresh token vacío para este médico.
[Fri Jul  3 21:07:32 2026] ERROR: No se pudo obtener Access Token para médico 1. Posible Refresh Token expirado.
[Fri Jul  3 21:20:35 2026] ERROR TOKEN: Refresh token vacío para este médico.
[Fri Jul  3 21:20:35 2026] ERROR: No se pudo obtener Access Token para médico 1. Posible Refresh Token expirado.
[Tue Jul  7 01:43:23 2026] ERROR TOKEN: Refresh token vacío para este médico.
[Tue Jul  7 01:43:23 2026] ERROR: No se pudo obtener Access Token para médico 1. Posible Refresh Token expirado.
[Tue Jul  7 01:43:26 2026] ERROR TOKEN: Refresh token vacío para este médico.
[Tue Jul  7 01:43:26 2026] ERROR: No se pudo obtener Access Token para médico 1. Posible Refresh Token expirado.
[Tue Jul  7 01:44:02 2026] ERROR TOKEN: Refresh token vacío para este médico.
[Tue Jul  7 01:44:02 2026] ERROR: No se pudo obtener Access Token para médico 1. Posible Refresh Token expirado.
[Tue Jul  7 02:51:16 2026] ERROR TOKEN: Refresh token vacío para este médico.
[Tue Jul  7 02:51:16 2026] ERROR: No se pudo obtener Access Token para médico . Posible Refresh Token expirado.
[Tue Jul  7 03:01:40 2026] ERROR TOKEN EXCHANGE: 400 Bad Request - {
  "error": "invalid_grant",
  "error_description": "Bad Request"
}
[Tue Jul  7 03:01:40 2026] ERROR: No se pudo obtener Access Token para médico 1783412413. Posible Refresh Token expirado.
[Tue Jul  7 03:01:53 2026] ERROR TOKEN EXCHANGE: 400 Bad Request - {
  "error": "invalid_grant",
  "error_description": "Bad Request"
}
[Tue Jul  7 03:01:53 2026] ERROR: No se pudo obtener Access Token para médico 1783412413. Posible Refresh Token expirado.
[Tue Jul  7 03:02:02 2026] ERROR TOKEN EXCHANGE: 400 Bad Request - {
  "error": "invalid_grant",
  "error_description": "Bad Request"
}
[Tue Jul  7 03:02:02 2026] ERROR: No se pudo obtener Access Token para médico 1783412413. Posible Refresh Token expirado.
[Tue Jul  7 03:13:49 2026] ERROR TOKEN EXCHANGE: 400 Bad Request - {
  "error": "invalid_grant",
  "error_description": "Bad Request"
}
[Tue Jul  7 03:13:49 2026] ERROR: No se pudo obtener Access Token para médico 1783412413. Posible Refresh Token expirado.
[Tue Jul  7 03:44:06 2026] ERROR TOKEN EXCHANGE: 400 Bad Request - {
  "error": "invalid_grant",
  "error_description": "Bad Request"
}
[Tue Jul  7 03:44:06 2026] ERROR: No se pudo obtener Access Token para médico 1783412413. Posible Refresh Token expirado.
[Tue Jul  7 19:20:08 2026] ERROR TOKEN EXCHANGE: 400 Bad Request - {
  "error": "invalid_grant",
  "error_description": "Bad Request"
}
[Tue Jul  7 19:20:08 2026] ERROR: No se pudo obtener Access Token para médico 1783412413. Posible Refresh Token expirado.
[Tue Jul  7 20:14:59 2026] ERROR TOKEN EXCHANGE: 400 Bad Request - {
  "error": "invalid_grant",
  "error_description": "Bad Request"
}
[Tue Jul  7 20:14:59 2026] ERROR: No se pudo obtener Access Token para médico 1783412413. Posible Refresh Token expirado.
[Tue Jul  7 21:19:45 2026] ERROR TOKEN EXCHANGE: 400 Bad Request - {
  "error": "invalid_grant",
  "error_description": "Bad Request"
}
[Tue Jul  7 21:19:45 2026] ERROR: No se pudo obtener Access Token para médico 1783412413. Posible Refresh Token expirado.
[Thu Jul  9 19:02:01 2026] ERROR TOKEN EXCHANGE: 400 Bad Request - {
  "error": "invalid_grant",
  "error_description": "Bad Request"
}
[Thu Jul  9 19:02:01 2026] ERROR: No se pudo obtener Access Token para médico 1783412413. Posible Refresh Token expirado.
[Thu Jul  9 19:04:35 2026] ERROR TOKEN EXCHANGE: 400 Bad Request - {
  "error": "invalid_grant",
  "error_description": "Bad Request"
}
[Thu Jul  9 19:04:35 2026] ERROR: No se pudo obtener Access Token para médico 1783412413. Posible Refresh Token expirado.
[Sat Jul 11 00:06:04 2026] ERROR TOKEN: Refresh token vacío para este médico.
[Sat Jul 11 00:06:04 2026] ERROR: No se pudo obtener Access Token para médico 239634007. Posible Refresh Token expirado.
[Sat Jul 11 00:06:42 2026] ERROR TOKEN: Refresh token vacío para este médico.
[Sat Jul 11 00:06:42 2026] ERROR: No se pudo obtener Access Token para médico 239634007. Posible Refresh Token expirado.
[Sat Jul 11 08:01:36 2026] ERROR TOKEN: Refresh token vacío para este médico.
[Sat Jul 11 08:01:36 2026] ERROR: No se pudo obtener Access Token para médico 239634007. Posible Refresh Token expirado.
[Sat Jul 11 08:05:32 2026] ERROR TOKEN: Refresh token vacío para este médico.
[Sat Jul 11 08:05:32 2026] ERROR: No se pudo obtener Access Token para médico 239634007. Posible Refresh Token expirado.
[Mon Jul 13 18:07:13 2026] ERROR TOKEN: Refresh token vacío para este médico.
[Mon Jul 13 18:07:13 2026] ERROR: No se pudo obtener Access Token para médico 738007201. Posible Refresh Token expirado.
[Mon Jul 13 20:48:39 2026] ERROR TOKEN: Refresh token vacío para este médico.
[Mon Jul 13 20:48:39 2026] ERROR: No se pudo obtener Access Token para médico 1044300240. Posible Refresh Token expirado.
[Tue Jul 14 16:15:30 2026] ERROR TOKEN: Refresh token vacío para este médico.
[Tue Jul 14 16:15:30 2026] ERROR: No se pudo obtener Access Token para médico 150621292. Posible Refresh Token expirado.
[Tue Jul 14 22:08:55 2026] ERROR TOKEN: Refresh token vacío para este médico.
[Tue Jul 14 22:08:55 2026] ERROR: No se pudo obtener Access Token para médico 1020747209. Posible Refresh Token expirado.
[Wed Jul 15 00:23:06 2026] ERROR TOKEN: Refresh token vacío para este médico.
[Wed Jul 15 00:23:06 2026] ERROR: No se pudo obtener Access Token para médico 1020747209. Posible Refresh Token expirado.
[Wed Jul 15 00:43:39 2026] ERROR TOKEN: Refresh token vacío para este médico.
[Wed Jul 15 00:43:39 2026] ERROR: No se pudo obtener Access Token para médico 1020747209. Posible Refresh Token expirado.
[Wed Jul 15 00:45:53 2026] ERROR TOKEN: Refresh token vacío para este médico.
[Wed Jul 15 00:45:53 2026] ERROR: No se pudo obtener Access Token para médico 1020747209. Posible Refresh Token expirado.
[Sat Jul 18 00:46:27 2026] ERROR TOKEN: Refresh token vacío para este médico.
[Sat Jul 18 00:46:27 2026] ERROR: No se pudo obtener Access Token para médico 1020747209. Posible Refresh Token expirado.
[Sat Jul 18 16:08:41 2026] ERROR TOKEN: Refresh token vacío para este médico.
[Sat Jul 18 16:08:41 2026] ERROR: No se pudo obtener Access Token para médico 1020747209. Posible Refresh Token expirado.
[Sat Jul 18 17:25:33 2026] ERROR TOKEN: Refresh token vacío para este médico.
[Sat Jul 18 17:25:33 2026] ERROR: No se pudo obtener Access Token para médico 1020747209. Posible Refresh Token expirado.
[Sat Jul 18 23:50:08 2026] ERROR TOKEN: Refresh token vacío para este médico.
[Sat Jul 18 23:50:08 2026] ERROR: No se pudo obtener Access Token para médico 1020747209. Posible Refresh Token expirado.
[Sat Jul 18 23:55:54 2026] ERROR TOKEN: Refresh token vacío para este médico.
[Sat Jul 18 23:55:54 2026] ERROR: No se pudo obtener Access Token para médico 1020747209. Posible Refresh Token expirado.
[Sun Jul 19 11:22:33 2026] ERROR TOKEN: Refresh token vacío para este médico.
[Sun Jul 19 11:22:33 2026] ERROR: No se pudo obtener Access Token para médico 1020747209. Posible Refresh Token expirado.
[Sat Jul 25 15:31:58 2026] ERROR TOKEN: Refresh token vacío para este médico.
[Sat Jul 25 15:31:58 2026] ERROR: No se pudo obtener Access Token para médico 1020747209. Posible Refresh Token expirado.
[Sat Jul 25 15:32:08 2026] ERROR TOKEN: Refresh token vacío para este médico.
[Sat Jul 25 15:32:08 2026] ERROR: No se pudo obtener Access Token para médico 1020747209. Posible Refresh Token expirado.
[Sat Jul 25 15:49:24 2026] ERROR TOKEN: Refresh token vacío para este médico.
[Sat Jul 25 15:49:24 2026] ERROR: No se pudo obtener Access Token para médico 1020747209. Posible Refresh Token expirado.
[Sat Jul 25 16:11:41 2026] ERROR TOKEN: Refresh token vacío para este médico.
[Sat Jul 25 16:11:41 2026] ERROR: No se pudo obtener Access Token para médico 1020747209. Posible Refresh Token expirado.
[Sat Jul 25 16:36:47 2026] ERROR TOKEN: Refresh token vacío para este médico.
[Sat Jul 25 16:36:47 2026] ERROR: No se pudo obtener Access Token para médico 1020747209. Posible Refresh Token expirado.
[Sat Jul 25 16:37:44 2026] ERROR TOKEN: Refresh token vacío para este médico.
[Sat Jul 25 16:37:44 2026] ERROR: No se pudo obtener Access Token para médico 1020747209. Posible Refresh Token expirado.
[Sat Jul 25 16:38:03 2026] ERROR TOKEN: Refresh token vacío para este médico.
[Sat Jul 25 16:38:03 2026] ERROR: No se pudo obtener Access Token para médico 1020747209. Posible Refresh Token expirado.
[Sat Jul 25 16:45:15 2026] ERROR TOKEN: Refresh token vacío para este médico.
[Sat Jul 25 16:45:15 2026] ERROR: No se pudo obtener Access Token para médico 1020747209. Posible Refresh Token expirado.
[Sat Jul 25 17:38:23 2026] ERROR TOKEN: Refresh token vacío para este médico.
[Sat Jul 25 17:38:23 2026] ERROR: No se pudo obtener Access Token para médico 1020747209. Posible Refresh Token expirado.
[Sat Jul 25 18:54:53 2026] ERROR TOKEN: Refresh token vacío para este médico.
[Sat Jul 25 18:54:53 2026] ERROR: No se pudo obtener Access Token para médico 1020747209. Posible Refresh Token expirado.
[Sun Jul 26 19:28:03 2026] ERROR TOKEN: Refresh token vacío para este médico.
[Sun Jul 26 19:28:03 2026] ERROR: No se pudo obtener Access Token para médico 1088603479. Posible Refresh Token expirado.
[Sun Jul 26 19:28:27 2026] ERROR TOKEN: Refresh token vacío para este médico.
[Sun Jul 26 19:28:27 2026] ERROR: No se pudo obtener Access Token para médico 1088603479. Posible Refresh Token expirado.
[Mon Jul 27 13:25:18 2026] ERROR TOKEN: Refresh token vacío para este médico.
[Mon Jul 27 13:25:18 2026] ERROR: No se pudo obtener Access Token para médico 1088603479. Posible Refresh Token expirado.
[Mon Jul 27 17:09:13 2026] ERROR TOKEN: Refresh token vacío para este médico.
[Mon Jul 27 17:09:13 2026] ERROR: No se pudo obtener Access Token para médico 1088603479. Posible Refresh Token expirado.
[Mon Jul 27 19:14:52 2026] ERROR TOKEN: Refresh token vacío para este médico.
[Mon Jul 27 19:14:52 2026] ERROR: No se pudo obtener Access Token para médico 1088603479. Posible Refresh Token expirado.
[Mon Jul 27 19:27:24 2026] ERROR TOKEN: Refresh token vacío para este médico.
[Mon Jul 27 19:27:24 2026] ERROR: No se pudo obtener Access Token para médico 1088603479. Posible Refresh Token expirado.
[Mon Jul 27 19:30:27 2026] ERROR TOKEN: Refresh token vacío para este médico.
[Mon Jul 27 19:30:27 2026] ERROR: No se pudo obtener Access Token para médico 1088603479. Posible Refresh Token expirado.
[Mon Jul 27 19:37:33 2026] ERROR TOKEN: Refresh token vacío para este médico.
[Mon Jul 27 19:37:33 2026] ERROR: No se pudo obtener Access Token para médico 1088603479. Posible Refresh Token expirado.
[Mon Jul 27 19:59:58 2026] ERROR TOKEN: Refresh token vacío para este médico.
[Mon Jul 27 19:59:58 2026] ERROR: No se pudo obtener Access Token para médico 1088603479. Posible Refresh Token expirado.
[Mon Jul 27 20:08:53 2026] ERROR TOKEN: Refresh token vacío para este médico.
[Mon Jul 27 20:08:53 2026] ERROR: No se pudo obtener Access Token para médico 1088603479. Posible Refresh Token expirado.
[Mon Jul 27 20:36:36 2026] ERROR TOKEN: Refresh token vacío para este médico.
[Mon Jul 27 20:36:36 2026] ERROR: No se pudo obtener Access Token para médico 1088603479. Posible Refresh Token expirado.
[Mon Jul 27 21:20:33 2026] ERROR TOKEN: Refresh token vacío para este médico.
[Mon Jul 27 21:20:33 2026] ERROR: No se pudo obtener Access Token para médico 1088603479. Posible Refresh Token expirado.
[Mon Jul 27 21:22:23 2026] ERROR TOKEN: Refresh token vacío para este médico.
[Mon Jul 27 21:22:23 2026] ERROR: No se pudo obtener Access Token para médico 1088603479. Posible Refresh Token expirado.
[Mon Jul 27 21:26:19 2026] ERROR TOKEN: Refresh token vacío para este médico.
[Mon Jul 27 21:26:19 2026] ERROR: No se pudo obtener Access Token para médico 1088603479. Posible Refresh Token expirado.
[Mon Jul 27 21:48:40 2026] ERROR TOKEN: Refresh token vacío para este médico.
[Mon Jul 27 21:48:40 2026] ERROR: No se pudo obtener Access Token para médico 1088603479. Posible Refresh Token expirado.
[Mon Jul 27 21:53:39 2026] ERROR TOKEN: Refresh token vacío para este médico.
[Mon Jul 27 21:53:39 2026] ERROR: No se pudo obtener Access Token para médico 1088603479. Posible Refresh Token expirado.
[Tue Jul 28 09:59:29 2026] ERROR TOKEN: Refresh token vacío para este médico.
[Tue Jul 28 09:59:29 2026] ERROR: No se pudo obtener Access Token para médico 1088603479. Posible Refresh Token expirado.
[Sat Aug  1 13:29:07 2026] ERROR TOKEN: Refresh token vacío para este médico.
[Sat Aug  1 13:29:07 2026] ERROR: No se pudo obtener Access Token para médico 1020747209. Posible Refresh Token expirado.
[Sat Aug  1 14:01:25 2026] ERROR TOKEN: Refresh token vacío para este médico.
[Sat Aug  1 14:01:25 2026] ERROR: No se pudo obtener Access Token para médico 1020747209. Posible Refresh Token expirado.
[Sat Aug  1 14:31:25 2026] ERROR TOKEN: Refresh token vacío para este médico.
[Sat Aug  1 14:31:25 2026] ERROR: No se pudo obtener Access Token para médico 1020747209. Posible Refresh Token expirado.
[Sat Aug  1 15:16:58 2026] ERROR TOKEN: Refresh token vacío para este médico.
[Sat Aug  1 15:16:58 2026] ERROR: No se pudo obtener Access Token para médico 1020747209. Posible Refresh Token expirado.
[Sat Aug  1 15:23:24 2026] ERROR TOKEN: Refresh token vacío para este médico.
[Sat Aug  1 15:23:24 2026] ERROR: No se pudo obtener Access Token para médico 1020747209. Posible Refresh Token expirado.
[Sat Aug  1 15:32:49 2026] ERROR TOKEN: Refresh token vacío para este médico.
[Sat Aug  1 15:32:49 2026] ERROR: No se pudo obtener Access Token para médico 1020747209. Posible Refresh Token expirado.
[Sat Aug  1 15:34:10 2026] ERROR TOKEN: Refresh token vacío para este médico.
[Sat Aug  1 15:34:10 2026] ERROR: No se pudo obtener Access Token para médico 1020747209. Posible Refresh Token expirado.
[Sat Aug  1 15:36:22 2026] ERROR TOKEN: Refresh token vacío para este médico.
[Sat Aug  1 15:36:22 2026] ERROR: No se pudo obtener Access Token para médico 1020747209. Posible Refresh Token expirado.
[Sat Aug  1 15:37:39 2026] ERROR TOKEN: Refresh token vacío para este médico.
[Sat Aug  1 15:37:39 2026] ERROR: No se pudo obtener Access Token para médico 1020747209. Posible Refresh Token expirado.
[Sat Aug  1 16:57:30 2026] ERROR TOKEN: Refresh token vacío para este médico.
[Sat Aug  1 16:57:30 2026] ERROR: No se pudo obtener Access Token para médico 1020747209. Posible Refresh Token expirado.
[Sat Aug  1 18:35:35 2026] ERROR TOKEN: Refresh token vacío para este médico.
[Sat Aug  1 18:35:35 2026] ERROR: No se pudo obtener Access Token para médico 1020747209. Posible Refresh Token expirado.
[Sat Aug  1 22:53:14 2026] ERROR TOKEN: Refresh token vacío para este médico.
[Sat Aug  1 22:53:14 2026] ERROR: No se pudo obtener Access Token para médico 1020747209. Posible Refresh Token expirado.
[Sat Aug  1 22:58:05 2026] ERROR TOKEN: Refresh token vacío para este médico.
[Sat Aug  1 22:58:05 2026] ERROR: No se pudo obtener Access Token para médico 1020747209. Posible Refresh Token expirado.
[Mon Aug  3 12:33:01 2026] ERROR TOKEN: Refresh token vacío para este médico.
[Mon Aug  3 12:33:01 2026] ERROR: No se pudo obtener Access Token para médico 1020747209. Posible Refresh Token expirado.
[Mon Aug  3 12:35:45 2026] ERROR TOKEN: Refresh token vacío para este médico.
[Mon Aug  3 12:35:45 2026] ERROR: No se pudo obtener Access Token para médico 1020747209. Posible Refresh Token expirado.
[Mon Aug  3 16:34:08 2026] ERROR TOKEN: Refresh token vacío para este médico.
[Mon Aug  3 16:34:08 2026] ERROR: No se pudo obtener Access Token para médico 1020747209. Posible Refresh Token expirado.
[Mon Aug  3 16:35:39 2026] ERROR TOKEN: Refresh token vacío para este médico.
[Mon Aug  3 16:35:39 2026] ERROR: No se pudo obtener Access Token para médico 1020747209. Posible Refresh Token expirado.
[Mon Aug  3 18:08:07 2026] ERROR TOKEN: Refresh token vacío para este médico.
[Mon Aug  3 18:08:07 2026] ERROR: No se pudo obtener Access Token para médico 1020747209. Posible Refresh Token expirado.
[Mon Aug  3 18:16:15 2026] ERROR TOKEN: Refresh token vacío para este médico.
[Mon Aug  3 18:16:15 2026] ERROR: No se pudo obtener Access Token para médico 1020747209. Posible Refresh Token expirado.
[Tue Aug  4 13:19:27 2026] ERROR TOKEN: Refresh token vacío para este médico.
[Tue Aug  4 13:19:27 2026] ERROR: No se pudo obtener Access Token para médico 1088603479. Posible Refresh Token expirado.
[Tue Aug  4 13:25:10 2026] ERROR TOKEN: Refresh token vacío para este médico.
[Tue Aug  4 13:25:10 2026] ERROR: No se pudo obtener Access Token para médico 1088603479. Posible Refresh Token expirado.
[Tue Aug  4 16:50:40 2026] ERROR TOKEN: Refresh token vacío para este médico.
[Tue Aug  4 16:50:40 2026] ERROR: No se pudo obtener Access Token para médico 1088603479. Posible Refresh Token expirado.
[Tue Aug  4 17:29:27 2026] ERROR TOKEN: Refresh token vacío para este médico.
[Tue Aug  4 17:29:27 2026] ERROR: No se pudo obtener Access Token para médico 1088603479. Posible Refresh Token expirado.
[Tue Aug  4 17:32:15 2026] ERROR TOKEN: Refresh token vacío para este médico.
[Tue Aug  4 17:32:15 2026] ERROR: No se pudo obtener Access Token para médico 1088603479. Posible Refresh Token expirado.
[Tue Aug  4 17:57:25 2026] ERROR TOKEN: Refresh token vacío para este médico.
[Tue Aug  4 17:57:25 2026] ERROR: No se pudo obtener Access Token para médico 1088603479. Posible Refresh Token expirado.
[Tue Aug  4 18:48:45 2026] ERROR TOKEN: Refresh token vacío para este médico.
[Tue Aug  4 18:48:45 2026] ERROR: No se pudo obtener Access Token para médico 175262212. Posible Refresh Token expirado.
[Tue Aug  4 18:54:37 2026] ERROR TOKEN: Refresh token vacío para este médico.
[Tue Aug  4 18:54:37 2026] ERROR: No se pudo obtener Access Token para médico 175262212. Posible Refresh Token expirado.
[Tue Aug  4 18:58:18 2026] ERROR TOKEN: Refresh token vacío para este médico.
[Tue Aug  4 18:58:18 2026] ERROR: No se pudo obtener Access Token para médico 175262212. Posible Refresh Token expirado.
[Tue Aug  4 19:56:03 2026] ERROR TOKEN: Refresh token vacío para este médico.
[Tue Aug  4 19:56:03 2026] ERROR: No se pudo obtener Access Token para médico 1020747209. Posible Refresh Token expirado.
[Tue Aug  4 20:49:46 2026] ERROR TOKEN: Refresh token vacío para este médico.
[Tue Aug  4 20:49:46 2026] ERROR: No se pudo obtener Access Token para médico 1020747209. Posible Refresh Token expirado.
[Tue Aug  4 20:54:34 2026] ERROR TOKEN: Refresh token vacío para este médico.
[Tue Aug  4 20:54:34 2026] ERROR: No se pudo obtener Access Token para médico 1020747209. Posible Refresh Token expirado.
[Tue Aug  4 21:00:55 2026] ERROR TOKEN: Refresh token vacío para este médico.
[Tue Aug  4 21:00:55 2026] ERROR: No se pudo obtener Access Token para médico 1020747209. Posible Refresh Token expirado.
[Tue Aug  4 21:17:59 2026] ERROR TOKEN: Refresh token vacío para este médico.
[Tue Aug  4 21:17:59 2026] ERROR: No se pudo obtener Access Token para médico 1020747209. Posible Refresh Token expirado.
[Tue Aug  4 21:39:39 2026] ERROR TOKEN: Refresh token vacío para este médico.
[Tue Aug  4 21:39:39 2026] ERROR: No se pudo obtener Access Token para médico 1020747209. Posible Refresh Token expirado.
[Tue Aug  4 22:14:16 2026] ERROR TOKEN: Refresh token vacío para este médico.
[Tue Aug  4 22:14:16 2026] ERROR: No se pudo obtener Access Token para médico 1020747209. Posible Refresh Token expirado.
[Tue Aug  4 22:25:52 2026] ERROR TOKEN: Refresh token vacío para este médico.
[Tue Aug  4 22:25:52 2026] ERROR: No se pudo obtener Access Token para médico 1020747209. Posible Refresh Token expirado.
[Tue Aug  4 23:03:21 2026] ERROR TOKEN: Refresh token vacío para este médico.
[Tue Aug  4 23:03:21 2026] ERROR: No se pudo obtener Access Token para médico 1020747209. Posible Refresh Token expirado.
[Tue Aug  4 23:27:27 2026] ERROR TOKEN: Refresh token vacío para este médico.
[Tue Aug  4 23:27:27 2026] ERROR: No se pudo obtener Access Token para médico 1020747209. Posible Refresh Token expirado.
[Wed Aug  5 00:12:39 2026] ERROR TOKEN: Refresh token vacío para este médico.
[Wed Aug  5 00:12:39 2026] ERROR: No se pudo obtener Access Token para médico 1020747209. Posible Refresh Token expirado.
[Wed Aug  5 00:28:30 2026] ERROR TOKEN: Refresh token vacío para este médico.
[Wed Aug  5 00:28:30 2026] ERROR: No se pudo obtener Access Token para médico 1020747209. Posible Refresh Token expirado.
[Wed Aug  5 13:04:52 2026] ERROR TOKEN: Refresh token vacío para este médico.
[Wed Aug  5 13:04:52 2026] ERROR: No se pudo obtener Access Token para médico 629933635. Posible Refresh Token expirado.
[Wed Aug  5 13:13:40 2026] ERROR TOKEN: Refresh token vacío para este médico.
[Wed Aug  5 13:13:40 2026] ERROR: No se pudo obtener Access Token para médico 629933635. Posible Refresh Token expirado.
[Sat Aug  8 18:12:00 2026] ERROR TOKEN: Refresh token vacío para este médico.
[Sat Aug  8 18:12:00 2026] ERROR: No se pudo obtener Access Token para médico 642838915. Posible Refresh Token expirado.
[Sat Aug  8 18:51:11 2026] ERROR TOKEN: Refresh token vacío para este médico.
[Sat Aug  8 18:51:11 2026] ERROR: No se pudo obtener Access Token para médico 610469071. Posible Refresh Token expirado.
[Sat Aug  8 19:18:54 2026] ERROR TOKEN: Refresh token vacío para este médico.
[Sat Aug  8 19:18:54 2026] ERROR: No se pudo obtener Access Token para médico 878915794. Posible Refresh Token expirado.
[Sat Aug  8 19:26:28 2026] ERROR TOKEN: Refresh token vacío para este médico.
[Sat Aug  8 19:26:28 2026] ERROR: No se pudo obtener Access Token para médico 1061595729. Posible Refresh Token expirado.
[Sat Aug  8 20:02:38 2026] ERROR TOKEN: Refresh token vacío para este médico.
[Sat Aug  8 20:02:38 2026] ERROR: No se pudo obtener Access Token para médico 743477756. Posible Refresh Token expirado.
[Sat Aug  8 20:03:44 2026] ERROR TOKEN: Refresh token vacío para este médico.
[Sat Aug  8 20:03:44 2026] ERROR: No se pudo obtener Access Token para médico 109187649. Posible Refresh Token expirado.
[Sat Aug  8 21:37:09 2026] ERROR TOKEN: Refresh token vacío para este médico.
[Sat Aug  8 21:37:09 2026] ERROR: No se pudo obtener Access Token para médico 615248342. Posible Refresh Token expirado.
[Sat Aug  8 21:58:07 2026] ERROR TOKEN: Refresh token vacío para este médico.
[Sat Aug  8 21:58:07 2026] ERROR: No se pudo obtener Access Token para médico 637019427. Posible Refresh Token expirado.
[Sat Aug  8 23:26:02 2026] ERROR TOKEN: Refresh token vacío para este médico.
[Sat Aug  8 23:26:02 2026] ERROR: No se pudo obtener Access Token para médico 722841986. Posible Refresh Token expirado.
[Sat Aug  8 23:37:52 2026] ERROR TOKEN: Refresh token vacío para este médico.
[Sat Aug  8 23:37:52 2026] ERROR: No se pudo obtener Access Token para médico 886960563. Posible Refresh Token expirado.
[Wed Aug 12 21:34:20 2026] ERROR TOKEN: Refresh token vacío para este médico.
[Wed Aug 12 21:34:20 2026] ERROR: No se pudo obtener Access Token para médico 132391477. Posible Refresh Token expirado.
[Thu Aug 13 08:53:39 2026] ERROR TOKEN: Refresh token vacío para este médico.
[Thu Aug 13 08:53:39 2026] ERROR: No se pudo obtener Access Token para médico 1022560018. Posible Refresh Token expirado.
[Fri Aug 14 04:24:21 2026] ERROR TOKEN: Refresh token vacío para este médico.
[Fri Aug 14 04:24:21 2026] ERROR: No se pudo obtener Access Token para médico 1094260724. Posible Refresh Token expirado.
[Fri Aug 14 04:27:35 2026] ERROR TOKEN: Refresh token vacío para este médico.
[Fri Aug 14 04:27:35 2026] ERROR: No se pudo obtener Access Token para médico 619287130. Posible Refresh Token expirado.
[Fri Aug 14 04:34:33 2026] ERROR TOKEN: Refresh token vacío para este médico.
[Fri Aug 14 04:34:33 2026] ERROR: No se pudo obtener Access Token para médico 1094260724. Posible Refresh Token expirado.
[Sat Aug 15 14:38:05 2026] ERROR TOKEN: Refresh token vacío para este médico.
[Sat Aug 15 14:38:05 2026] ERROR: No se pudo obtener Access Token para médico 273830864. Posible Refresh Token expirado.
[Sat Aug 15 14:39:00 2026] ERROR TOKEN: Refresh token vacío para este médico.
[Sat Aug 15 14:39:00 2026] ERROR: No se pudo obtener Access Token para médico 273830864. Posible Refresh Token expirado.
[Sat Aug 15 14:39:48 2026] ERROR TOKEN: Refresh token vacío para este médico.
[Sat Aug 15 14:39:48 2026] ERROR: No se pudo obtener Access Token para médico 273830864. Posible Refresh Token expirado.
